Integer array:
nums[0] = 100
nums[1] = 200
nums[2] = 300
nums[3] = 400
nums[4] = 500

Double array:
doubles[0] = 1.10
doubles[1] = 2.20
doubles[2] = 3.30

Char array:
chars[0] = T
chars[1] = E
chars[2] = S
chars[3] = T

Fibonacci sequence:
fibonacci[0] = 0
fibonacci[1] = 1
fibonacci[2] = 1
fibonacci[3] = 2
fibonacci[4] = 3
fibonacci[5] = 5
fibonacci[6] = 8
fibonacci[7] = 13
fibonacci[8] = 21
fibonacci[9] = 34

Square pattern:
pattern[0] = 0
pattern[1] = 1
pattern[2] = 4
pattern[3] = 9
pattern[4] = 16
pattern[5] = 25
pattern[6] = 36
pattern[7] = 49